
Test: check if terraform modules are properly pinned
File: module-pinning.bats
---------------------------------
'terraform-config-inspect' must be installed in the test harness. Check https://github.com/hashicorp/terraform-config-inspect for instructions 
---------------------------------


Test: check if terraform providers are properly pinned
File: provider-pinning.bats
---------------------------------
'terraform-config-inspect' must be installed in the test harness. Check https://github.com/hashicorp/terraform-config-inspect for instructions 
---------------------------------


Test: check if terraform providers have explicit source locations for TF =>0.13
File: provider-pinning.bats
---------------------------------
'terraform-config-inspect' must be installed in the test harness. Check https://github.com/hashicorp/terraform-config-inspect for instructions 
---------------------------------

